Pressione [ENTER] para iniciar...
boot-x86.sh: building reims-vgpu-efi option ROM ...
reims-vgpu-efi-rom: building UEFI GOP (x86_64-unknown-uefi) ...
    Finished `release` profile [optimized] target(s) in 0.01s
PE subsystem 11 -> 11 (BOOT_SERVICE_DRIVER)
wrote /home/elizeu/Documentos/Projects/osx-linux/crates/reims-vgpu-efi/out/reims-vgpu-gop.rom (25600 bytes, 50×512, vendor=0x106b device=0xeeee, efi_off=0x40)
layout ok: 55AA + EFI sig + PCIR + MZ + PE subsystem=11
reims-vgpu-efi-rom: /home/elizeu/Documentos/Projects/osx-linux/crates/reims-vgpu-efi/out/reims-vgpu-gop.rom
total 56
drwxr-xr-x. 1 elizeu elizeu    72 set 19 10:44 .
drwxr-xr-x. 1 elizeu elizeu   128 set 19 10:44 ..
-rwxr-xr-x. 1 elizeu elizeu 25088 set 19 10:47 reims-vgpu-efi.efi
-rw-r--r--. 1 elizeu elizeu 25600 set 19 10:47 reims-vgpu-gop.rom
boot-x86.sh: building in-tree QEMU (scripts/qemu-build --target x86_64 --backend vulkan) ...
[qemu-build] qemu submodule: /home/elizeu/Documentos/Projects/osx-linux/vendor/qemu
[qemu-build] target=x86_64
[qemu-build] REIMS_VGPU_BACKEND=vulkan (reims-vgpu-mmio → reims-vgpu)
[qemu-build] already configured; skipping configure.
[qemu-build] building qemu-system-x86_64 (links reims-vgpu / vulkan) ...
ninja: Entering directory `build'
[0/5] Generating hw/display/reims-vgpu-staticlib with a custom command
    Finished `release` profile [optimized] target(s) in 0.05s
[1/5] Generating qemu-version.h with a custom command (wrapped by meson to capture output)

[qemu-build] Success: /home/elizeu/Documentos/Projects/osx-linux/vendor/qemu/build/qemu-system-x86_64
QEMU emulator version 11.0.50
[qemu-build] reims-vgpu-mmio device: present (reims-vgpu / vulkan linked)
[qemu-build] reims-vgpu-pci device: present (x86 Tahoe PCI thin shim)
[qemu-build] kvm accel: available
[qemu-build] backend=vulkan (reims-vgpu staticlib linked)
[qemu-build] for vm/boot-x86.sh: QEMU_BIN=/home/elizeu/Documentos/Projects/osx-linux/vendor/qemu/build/qemu-system-x86_64 vm/boot-x86.sh ...
boot-x86.sh: rail 'macos-15' — bootstrap; booting provisioned masters write-through (rail is empty) ...
boot-x86.sh: device=vmware-svga class=capture rail=macos-15 snapshot=(bootstrap) cpu=Skylake-Client smp=16,cores=8 mem=16G reboot=reset
boot-x86.sh: audiodev=none out.buffer-length=46440us usb-audio buffer=65536
boot-x86.sh: ssh → localhost:2222   serial → /home/elizeu/Documentos/Projects/osx-linux/vm/disks/run/serial-20260919-104751.log   qmp → /home/elizeu/Documentos/Projects/osx-linux/vm/disks/run/qmp-20260919-104751.sock
qemu-system-x86_64: -display gtk: Parameter 'type' does not accept value 'gtk'
boot-x86.sh: qemu exited rc=1 (not clean) — snapshot NOT updated

VM finalizada. Pressione qualquer tecla para voltar ao menu...
